1
                 Chemistry at HARvard Macromolecular Mechanics
            (CHARMM) - Developmental Version 37b2  February 15, 2013            
       Copyright(c) 1984-2001  President and Fellows of Harvard College
                              All Rights Reserved
       Current operating system: Linux-3.8.0-35-generic(x86_64)@not0rious       
                 Created on  8/16/15 at 23:11:38 by user: kmckiern    

            Maximum number of ATOMS:     60120, and RESidues:       20040
 RDTITL> * RUN SEGMENT THROUGH CHARMM
 RDTITL> *
  
 CHARMM>     
  
 CHARMM>    ! read topology and parameter files
 CHARMM>     
  
 CHARMM>    read rtf card name "fb15.rtf"
 VOPEN> Attempting to open::fb15.rtf::
 MAINIO> Residue topology file being read from unit  90.
 TITLE> *  AMBER CORNELL ET AL. (PARM94 & PARM99) FORCE FIELD CONVERSION
 TITLE> *  SEE: JACS (1995) 117, 5179-5197.
 TITLE> *  SEE:  J COMP. CHEM. (2000) 21, 1049-1074.
 TITLE> *  NUCLEIC ACID PART CONVERTED BY TEC3, MARCH 1997
 TITLE> *  PROTEIN PART CONVERTED BY TEC3, FEBRUARY 1999
 TITLE> *  CHANGES FOR PARM99 BY JEFF KLAUDA OCTOBER 2003
 TITLE> 23    1
 VCLOSE: Closing unit   90 with status "KEEP"
  
 CHARMM>    read param card name "fb15.prm"
 VOPEN> Attempting to open::fb15.prm::

          PARAMETER FILE BEING READ FROM UNIT 90
 TITLE> *  AMBER PARM99SB FORCE FIELD CONVERSION
 TITLE> *  SEE: PROTIENS: STR. FUNC. AND BIOINFO. 65, 712 (2006)
 TITLE> *
*****  WARNING  ***** PARRDR no nonbond parameters for atom type:  64  CAL 
 NO nonbond interactions will be computed for this atom type.
 PARMIO> NONBOND, HBOND lists and IMAGE atoms cleared.
 VCLOSE: Closing unit   90 with status "KEEP"
  
 CHARMM>     
  
 CHARMM>    ! Read sequence from the PDB coordinate file
 CHARMM>    open unit 1 card read name new_mdt_protein-b-het.pdb
 VOPEN> Attempting to open::new_mdt_protein-b-het.pdb::
 OPNLGU> Unit  1 opened for READONLY access to new_mdt_protein-b-het.pdb
  
 CHARMM>    read sequ pdb unit 1
 MAINIO> Sequence information being read from unit   1.
 TITLE>  *

          RESIDUE SEQUENCE --     2 RESIDUES
          NA+ NA+ 
  
 CHARMM>     
  
 CHARMM>    ! now generate the PSF and also the IC table (SETU keyword)
 CHARMM>    generate pro setup
 NO PATCHING WILL BE DONE ON THE FIRST RESIDUE
 NO PATCHING WILL BE DONE ON THE LAST  RESIDUE
 GENPSF> Segment   1 has been generated. Its identifier is PRO.
 PSFSUM> PSF modified: NONBOND lists and IMAGE atoms cleared.
 PSFSUM> Summary of the structure file counters :
         Number of segments      =        1   Number of residues   =        2
         Number of atoms         =        2   Number of groups     =        2
         Number of bonds         =        0   Number of angles     =        0
         Number of dihedrals     =        0   Number of impropers  =        0
         Number of cross-terms   =        0
         Number of HB acceptors  =        0   Number of HB donors  =        0
         Number of NB exclusions =        0   Total charge =    2.00000
  
 CHARMM>     
  
 CHARMM>    rewind unit 1
                    REWINDING UNIT     1
  
 CHARMM>     
  
 CHARMM>    ! set bomlev to -1 to avois sying on lack of hydrogen coordinates
 CHARMM>    bomlev -1
  
 CHARMM>    read coor pdb unit 1
  read CHARMM-pdb format
          SPATIAL COORDINATES BEING READ FROM UNIT  1
 TITLE>  *
  
 CHARMM>    ! them put bomlev back up to 0
 CHARMM>    bomlev 0
  
 CHARMM>     
  
 CHARMM>    close unit 1
 VCLOSE: Closing unit    1 with status "KEEP"
  
 CHARMM>     
  
 CHARMM>    ! prints out number of atoms that still have undefined coordinates.
 CHARMM>    define test select segid a-pro .and. ( .not. hydrogen ) .and. ( .not. init ) show end
 The following atoms are currently set:
SEGId RESId RESName  .. TYPEs ..
 SELRPN>      0 atoms have been selected out of      2
  
 CHARMM>     
  
 CHARMM>    ic para
  
 CHARMM>    ic fill preserve

      ***** LEVEL  1 WARNING FROM <FILLIC> *****
      ***** FILLIC called with a null IC table
      ******************************************
      BOMLEV (  0) IS NOT REACHED. WRNLEV IS  5

  
 CHARMM>    ic build

      ***** LEVEL  1 WARNING FROM <BILDC> *****
      ***** BILDC called with a null IC table
      ******************************************
      BOMLEV (  0) IS NOT REACHED. WRNLEV IS  5

$$$$$$  New timer profile $$$$$
   List time                       0.00 Other:            0.00
      Nonbond force                   0.00 Other:            0.00
         Bond energy                     0.00 Other:            0.00
         Angle energy                    0.00 Other:            0.00
         Dihedral energy                 0.00 Other:            0.00
         Restraints energy               0.00 Other:            0.00
      INTRNL energy                   0.00 Other:            0.00
   Energy time                     0.00 Other:            0.00
 Total time                      0.05 Other:            0.05

                    NORMAL TERMINATION BY NORMAL STOP
                    MOST SEVERE WARNING WAS AT LEVEL  1

                    $$$$$ JOB ACCOUNTING INFORMATION $$$$$
                     ELAPSED TIME:     0.05  SECONDS 
                         CPU TIME:     0.04  SECONDS 
